<html>
<body>
<pre>
<h1>µVision Build Log</h1>
<h2>Tool Versions:</h2>
IDE-Version: ¦ÌVision V5.21.1.0
Copyright (C) 2016 ARM Ltd and ARM Germany GmbH. All rights reserved.
License Information: qin qin, qin, LIC=----
 
Tool Versions:
Toolchain:       MDK-Lite  Version: 5.21a
Toolchain Path:  D:\Tool_of_life\Keil5\ARM\ARMCC\Bin
C Compiler:      Armcc.exe V5.06 update 3 (build 300)
Assembler:       Armasm.exe V5.06 update 3 (build 300)
Linker/Locator:  ArmLink.exe V5.06 update 3 (build 300)
Library Manager: ArmAr.exe V5.06 update 3 (build 300)
Hex Converter:   FromElf.exe V5.06 update 3 (build 300)
CPU DLL:         SARMCM3.DLL V5.21a
Dialog DLL:      DARMSTM.DLL V1.66.0.1
Target DLL:      STLink\ST-LINKIII-KEIL_SWO.dll V2.0.18.0
Dialog DLL:      TARMSTM.DLL V1.65.0.0
 
<h2>Project:</h2>
C:\Users\Lenovo\Desktop\ing_Handler_OLED_OK\USER\IIC.uvprojx
Project File Date:  05/04/2018

<h2>Output:</h2>
*** Using Compiler 'V5.06 update 3 (build 300)', folder: 'D:\Tool_of_life\Keil5\ARM\ARMCC\Bin'
Rebuild target 'IIC'
assembling startup_stm32f103xe.s...
compiling stm32f1xx_hal_cortex.c...
compiling main.c...
main.c(11): warning:  #177-D: variable "t" was declared but never referenced
  	u8 t=0; 
main.c: 1 warning, 0 errors
compiling stm32f1xx_hal_msp.c...
compiling stm32f1xx_it.c...
compiling stm32f1xx_hal_gpio.c...
compiling stm32f1xx_hal.c...
compiling system_stm32f1xx.c...
compiling stm32f1xx_hal_rcc_ex.c...
compiling stm32f1xx_hal_gpio_ex.c...
compiling stm32f1xx_hal_usart.c...
compiling stm32f1xx_hal_pwr.c...
compiling stm32f1xx_hal_uart.c...
compiling stm32f1xx_hal_rcc.c...
compiling stm32f1xx_hal_dma.c...
compiling delay.c...
compiling usart.c...
compiling sys.c...
compiling stm32f1xx_hal_tim_ex.c...
compiling led.c...
compiling key.c...
compiling stm32f1xx_hal_tim.c...
compiling usmart_config.c...
compiling usmart.c...
compiling usmart_str.c...
compiling myiic.c...
compiling oled.c...
linking...
Program Size: Code=14372 RO-data=7744 RW-data=324 ZI-data=2980  
FromELF: creating hex file...
"..\OBJ\Template.axf" - 0 Error(s), 1 Warning(s).

<h2>Collection of Component include folders:</h2>
  C:\Users\Lenovo\Desktop\ing_Handler_OLED_OK\USER\RTE
  D:\Tool_of_life\Keil5\ARM\PACK\Keil\STM32F1xx_DFP\2.1.0\Device\Include

<h2>Collection of Component Files used:</h2>
Build Time Elapsed:  00:00:39
</pre>
</body>
</html>
